// Jest Snapshot v1, https://goo.gl/fbAQLP

exports[`<IIem/> renders and match snapshot  1`] = `
<ItemStyles__Item>
  <img
    alt="Demo"
    src="dog.jpg"
  />
  <Title>
    <Link
      href={
        Object {
          "pathname": "/item",
          "query": Object {
            "id": "ABC",
          },
        }
      }
    >
      <a>
        Demo
      </a>
    </Link>
  </Title>
  <PriceTag>
    $50
  </PriceTag>
  <p>
    This item is fake
  </p>
  <div
    className="buttonList"
  >
    <Link
      href={
        Object {
          "pathname": "/update",
          "query": Object {
            "id": "ABC",
          },
        }
      }
    >
      <a>
         Edit 
      </a>
    </Link>
    <User>
      <Component />
    </User>
    <DeleteItem
      id="ABC"
    >
      Delete
    </DeleteItem>
  </div>
</ItemStyles__Item>
`;
